
> doglove@1.0.0 test
> jest

PASS __tests__/dogs.test.ts
PASS __tests__/smoke.test.ts
PASS __tests__/auth.test.ts
PASS __tests__/profile.test.ts
PASS __tests__/supabase.test.ts
PASS __tests__/age.test.ts
PASS __tests__/profileService.test.ts
PASS __tests__/ageFromISO.test.ts
PASS __tests__/consent.test.ts
PASS __tests__/BrandLockup.test.tsx
PASS __tests__/AuthContext.test.tsx

Test Suites: 11 passed, 11 total
Tests:       28 passed, 28 total
Snapshots:   0 total
Time:        3.055 s
Ran all test suites.
